FFFFFFFFFFFFFFFF
======================================================================
FAIL: test_contract (test_supplementary.ContractAudit.test_contract) (base=1, attempt=1, cap=4)
----------------------------------------------------------------------
Traceback (most recent call last):
  File "/data/acceptance-audit/acceptance-capped-backoff/checkout/test_supplementary.py", line 9, in test_contract
    self.assertEqual(solve(base, attempt, cap), min(base * 2 ** attempt, cap))
    ~~~~~~~~~~~~~~~~^^^^^^^^^^^^^^^^^^^^^^^^^^^^^^^^^^^^^^^^^^^^^^^^^^^^^^^^^^
AssertionError: 1 != 2

======================================================================
FAIL: test_contract (test_supplementary.ContractAudit.test_contract) (base=1, attempt=1, cap=100)
----------------------------------------------------------------------
Traceback (most recent call last):
  File "/data/acceptance-audit/acceptance-capped-backoff/checkout/test_supplementary.py", line 9, in test_contract
    self.assertEqual(solve(base, attempt, cap), min(base * 2 ** attempt, cap))
    ~~~~~~~~~~~~~~~~^^^^^^^^^^^^^^^^^^^^^^^^^^^^^^^^^^^^^^^^^^^^^^^^^^^^^^^^^^
AssertionError: 1 != 2

======================================================================
FAIL: test_contract (test_supplementary.ContractAudit.test_contract) (base=1, attempt=2, cap=4)
----------------------------------------------------------------------
Traceback (most recent call last):
  File "/data/acceptance-audit/acceptance-capped-backoff/checkout/test_supplementary.py", line 9, in test_contract
    self.assertEqual(solve(base, attempt, cap), min(base * 2 ** attempt, cap))
    ~~~~~~~~~~~~~~~~^^^^^^^^^^^^^^^^^^^^^^^^^^^^^^^^^^^^^^^^^^^^^^^^^^^^^^^^^^
AssertionError: 1 != 4

======================================================================
FAIL: test_contract (test_supplementary.ContractAudit.test_contract) (base=1, attempt=2, cap=100)
----------------------------------------------------------------------
Traceback (most recent call last):
  File "/data/acceptance-audit/acceptance-capped-backoff/checkout/test_supplementary.py", line 9, in test_contract
    self.assertEqual(solve(base, attempt, cap), min(base * 2 ** attempt, cap))
    ~~~~~~~~~~~~~~~~^^^^^^^^^^^^^^^^^^^^^^^^^^^^^^^^^^^^^^^^^^^^^^^^^^^^^^^^^^
AssertionError: 1 != 4

======================================================================
FAIL: test_contract (test_supplementary.ContractAudit.test_contract) (base=1, attempt=3, cap=4)
----------------------------------------------------------------------
Traceback (most recent call last):
  File "/data/acceptance-audit/acceptance-capped-backoff/checkout/test_supplementary.py", line 9, in test_contract
    self.assertEqual(solve(base, attempt, cap), min(base * 2 ** attempt, cap))
    ~~~~~~~~~~~~~~~~^^^^^^^^^^^^^^^^^^^^^^^^^^^^^^^^^^^^^^^^^^^^^^^^^^^^^^^^^^
AssertionError: 1 != 4

======================================================================
FAIL: test_contract (test_supplementary.ContractAudit.test_contract) (base=1, attempt=3, cap=100)
----------------------------------------------------------------------
Traceback (most recent call last):
  File "/data/acceptance-audit/acceptance-capped-backoff/checkout/test_supplementary.py", line 9, in test_contract
    self.assertEqual(solve(base, attempt, cap), min(base * 2 ** attempt, cap))
    ~~~~~~~~~~~~~~~~^^^^^^^^^^^^^^^^^^^^^^^^^^^^^^^^^^^^^^^^^^^^^^^^^^^^^^^^^^
AssertionError: 1 != 8

======================================================================
FAIL: test_contract (test_supplementary.ContractAudit.test_contract) (base=1, attempt=4, cap=4)
----------------------------------------------------------------------
Traceback (most recent call last):
  File "/data/acceptance-audit/acceptance-capped-backoff/checkout/test_supplementary.py", line 9, in test_contract
    self.assertEqual(solve(base, attempt, cap), min(base * 2 ** attempt, cap))
    ~~~~~~~~~~~~~~~~^^^^^^^^^^^^^^^^^^^^^^^^^^^^^^^^^^^^^^^^^^^^^^^^^^^^^^^^^^
AssertionError: 1 != 4

======================================================================
FAIL: test_contract (test_supplementary.ContractAudit.test_contract) (base=1, attempt=4, cap=100)
----------------------------------------------------------------------
Traceback (most recent call last):
  File "/data/acceptance-audit/acceptance-capped-backoff/checkout/test_supplementary.py", line 9, in test_contract
    self.assertEqual(solve(base, attempt, cap), min(base * 2 ** attempt, cap))
    ~~~~~~~~~~~~~~~~^^^^^^^^^^^^^^^^^^^^^^^^^^^^^^^^^^^^^^^^^^^^^^^^^^^^^^^^^^
AssertionError: 1 != 16

======================================================================
FAIL: test_contract (test_supplementary.ContractAudit.test_contract) (base=3, attempt=1, cap=100)
----------------------------------------------------------------------
Traceback (most recent call last):
  File "/data/acceptance-audit/acceptance-capped-backoff/checkout/test_supplementary.py", line 9, in test_contract
    self.assertEqual(solve(base, attempt, cap), min(base * 2 ** attempt, cap))
    ~~~~~~~~~~~~~~~~^^^^^^^^^^^^^^^^^^^^^^^^^^^^^^^^^^^^^^^^^^^^^^^^^^^^^^^^^^
AssertionError: 9 != 6

======================================================================
FAIL: test_contract (test_supplementary.ContractAudit.test_contract) (base=3, attempt=2, cap=100)
----------------------------------------------------------------------
Traceback (most recent call last):
  File "/data/acceptance-audit/acceptance-capped-backoff/checkout/test_supplementary.py", line 9, in test_contract
    self.assertEqual(solve(base, attempt, cap), min(base * 2 ** attempt, cap))
    ~~~~~~~~~~~~~~~~^^^^^^^^^^^^^^^^^^^^^^^^^^^^^^^^^^^^^^^^^^^^^^^^^^^^^^^^^^
AssertionError: 27 != 12

======================================================================
FAIL: test_contract (test_supplementary.ContractAudit.test_contract) (base=3, attempt=3, cap=100)
----------------------------------------------------------------------
Traceback (most recent call last):
  File "/data/acceptance-audit/acceptance-capped-backoff/checkout/test_supplementary.py", line 9, in test_contract
    self.assertEqual(solve(base, attempt, cap), min(base * 2 ** attempt, cap))
    ~~~~~~~~~~~~~~~~^^^^^^^^^^^^^^^^^^^^^^^^^^^^^^^^^^^^^^^^^^^^^^^^^^^^^^^^^^
AssertionError: 81 != 24

======================================================================
FAIL: test_contract (test_supplementary.ContractAudit.test_contract) (base=3, attempt=4, cap=100)
----------------------------------------------------------------------
Traceback (most recent call last):
  File "/data/acceptance-audit/acceptance-capped-backoff/checkout/test_supplementary.py", line 9, in test_contract
    self.assertEqual(solve(base, attempt, cap), min(base * 2 ** attempt, cap))
    ~~~~~~~~~~~~~~~~^^^^^^^^^^^^^^^^^^^^^^^^^^^^^^^^^^^^^^^^^^^^^^^^^^^^^^^^^^
AssertionError: 100 != 48

======================================================================
FAIL: test_contract (test_supplementary.ContractAudit.test_contract) (base=5, attempt=1, cap=100)
----------------------------------------------------------------------
Traceback (most recent call last):
  File "/data/acceptance-audit/acceptance-capped-backoff/checkout/test_supplementary.py", line 9, in test_contract
    self.assertEqual(solve(base, attempt, cap), min(base * 2 ** attempt, cap))
    ~~~~~~~~~~~~~~~~^^^^^^^^^^^^^^^^^^^^^^^^^^^^^^^^^^^^^^^^^^^^^^^^^^^^^^^^^^
AssertionError: 25 != 10

======================================================================
FAIL: test_contract (test_supplementary.ContractAudit.test_contract) (base=5, attempt=2, cap=100)
----------------------------------------------------------------------
Traceback (most recent call last):
  File "/data/acceptance-audit/acceptance-capped-backoff/checkout/test_supplementary.py", line 9, in test_contract
    self.assertEqual(solve(base, attempt, cap), min(base * 2 ** attempt, cap))
    ~~~~~~~~~~~~~~~~^^^^^^^^^^^^^^^^^^^^^^^^^^^^^^^^^^^^^^^^^^^^^^^^^^^^^^^^^^
AssertionError: 100 != 20

======================================================================
FAIL: test_contract (test_supplementary.ContractAudit.test_contract) (base=5, attempt=3, cap=100)
----------------------------------------------------------------------
Traceback (most recent call last):
  File "/data/acceptance-audit/acceptance-capped-backoff/checkout/test_supplementary.py", line 9, in test_contract
    self.assertEqual(solve(base, attempt, cap), min(base * 2 ** attempt, cap))
    ~~~~~~~~~~~~~~~~^^^^^^^^^^^^^^^^^^^^^^^^^^^^^^^^^^^^^^^^^^^^^^^^^^^^^^^^^^
AssertionError: 100 != 40

======================================================================
FAIL: test_contract (test_supplementary.ContractAudit.test_contract) (base=5, attempt=4, cap=100)
----------------------------------------------------------------------
Traceback (most recent call last):
  File "/data/acceptance-audit/acceptance-capped-backoff/checkout/test_supplementary.py", line 9, in test_contract
    self.assertEqual(solve(base, attempt, cap), min(base * 2 ** attempt, cap))
    ~~~~~~~~~~~~~~~~^^^^^^^^^^^^^^^^^^^^^^^^^^^^^^^^^^^^^^^^^^^^^^^^^^^^^^^^^^
AssertionError: 100 != 80

----------------------------------------------------------------------
Ran 1 test in 0.001s

FAILED (failures=16)
